00000000-00000000 : 1c060000.virtio_net
00000000-00000000 : /vdevs/uart@1c090000
  00000000-00000000 : /vdevs/uart@1c090000
00000000-00000000 : 1c0b0000.virtio_input_mtouch
00000000-00000000 : 1c0c0000.virtio_net
00000000-00000000 : 1c0d0000.virtio_blk
00000000-00000000 : 1c0e0000.virtio_blk
00000000-00000000 : 1c0f0000.virtio_blk
00000000-00000000 : System RAM
  00000000-00000000 : Kernel code
  00000000-00000000 : Kernel data
00000000-00000000 : /soc/gpio@e6050000
00000000-00000000 : /soc/gpio@e6051000
00000000-00000000 : /soc/gpio@e6054000
00000000-00000000 : /soc/gpio@e6055400
00000000-00000000 : /soc/gpio@e6055800
00000000-00000000 : /soc/pin-controller@e6060000
00000000-00000000 : /soc/clock-controller@e6150000
00000000-00000000 : e6540000.serial
00000000-00000000 : e6550000.serial
00000000-00000000 : /soc/usb@e6590000
00000000-00000000 : /soc/dma-controller@e65a0000
00000000-00000000 : /soc/dma-controller@e65b0000
00000000-00000000 : /soc/i2c@e66d8000
00000000-00000000 : /soc/i2c@e66e8000
00000000-00000000 : qos
00000000-00000000 : qos
00000000-00000000 : /soc/spi@e6c10000
00000000-00000000 : /soc/video@e6ef4000
00000000-00000000 : /soc/video@e6ef5000
00000000-00000000 : scu
00000000-00000000 : ssiu
00000000-00000000 : ssi
00000000-00000000 : adg
00000000-00000000 : /soc/dma-controller@ec700000
00000000-00000000 : /soc/dma-controller@ec720000
00000000-00000000 : audmapp
00000000-00000000 : /soc/usb@ee080100
00000000-00000000 : /soc/usb-phy@ee080200
00000000-00000000 : /soc/usb@ee0a0100
00000000-00000000 : /soc/usb-phy@ee0a0200
00000000-00000000 : /soc/sd@ee100000
00000000-00000000 : /soc/csi2@fea80000
00000000-00000000 : System RAM
00000000-00000000 : System RAM
